# serializer version: 1
# name: test_detected_entity[None-test_ww]
  None
# ---
# name: test_detected_entity[test_ww_2-test_ww_2]
  None
# ---
# name: test_ws_detect
  dict({
    'event': dict({
      'timestamp': 2048.0,
      'ww_id': 'test_ww',
    }),
    'id': 1,
    'type': 'event',
  })
# ---
